TableSchema	TableName	ColumnName	ParentTableName	ChildTableName	ConstraintName	ParentColumnName	ChildColumnName
dbo	AuditLog	ProjectID					
dbo	AuditLog	RecordID					
dbo	FundingSourceCustomAttributeType	IncludeInFundingSourceGrid					
dbo	Organization	ReclamationContractorID					
dbo	Person	ReclamationStaffID					
dbo	tmpFishProject1	DPS_ID					
dbo	tmpFishProject1	hydrologic_C_FWA_ID					
dbo	tmpFishProject1	hydrologic_C_LOCAL_ID					
dbo	tmpFishProject1	hydrologic_FEATURE_ID					
dbo	tmpFishProject1	link_DPS_ID					
dbo	tmpFishProject1	link_FEATURE_ID					
dbo	tmpFishProject1	link_WCR_POP_ID					
dbo	tmpFishProject1	NWFSC_POP_ID					
dbo	tmpFishProject1	TRT_POP_ID					
dbo	tmpFishProject1	WCR_POP_ID					
dbo	tmpHUC08_Proj	GNIS_ID					
dbo	tmpHUC08_Proj	TNMID					
dbo	tmpHuc12	GNIS_ID					
dbo	tmpHuc12	TNMID					
HangFire	AggregatedCounter	Id					
HangFire	Counter	Id					
HangFire	Hash	Id					
HangFire	Job	Id					
HangFire	Job	StateId					
HangFire	JobParameter	Id					
HangFire	JobQueue	Id					
HangFire	JobQueue	JobId					
HangFire	List	Id					
HangFire	Server	Id					
HangFire	Set	Id					
HangFire	State	Id					
Reclamation	Agreement	Original_ReclamationAgreementID					
Reclamation	PacificNorthActivityList	ActivityID					
Reclamation	ReclamationStagingAgreementStatusTable	OriginalAgreementStatusID					
Reclamation	ReclamationStagingAgreementStatusTable	OriginalReclamationCostAuthorityAgreementID					
Reclamation	ReclamationStagingContractTrackingTable	OriginalAgreementStatusID					
Reclamation	ReclamationStagingContractTrackingTable	OriginalContractTrackingID					
Reclamation	ReclamationStagingContractTrackingTable	ReclamationStagingContractStatusID					
Reclamation	ReclamationStagingCostAuthorityAgreement	OriginalReclamationCostAuthorityAgreementID					
Reclamation	ReclamationStagingCostAuthorityWorkBreakdownStructurePacificNorthActivityList	ActivityID					
Reclamation	ReclamationStagingFutureFundingTable	OriginalContractTrackingID					
Reclamation	ReclamationStagingFutureFundingTable	OriginalReclamationCostAuthorityAgreementID					
Reclamation	ReclamationStagingObligationsTable	OriginalAgreementStatusID					
Reclamation	ReclamationStagingObligationsTable	OriginalObligationsID					
Reclamation	ReclamationStagingPersonsTable	ReclamationStaffID					
Reclamation	ReclamationStagingPostedObligation	OriginalAgreementStatusID					
Reclamation	ReclamationStagingPostedObligation	OriginalPostedObligationsID					
Reclamation	ReclamationStagingPostedObligation	OriginalReclamationCostAuthorityAgreementID					
Reclamation	WorkOrder	WorkBreakdownStructureID					