fieldDefinitionDefinitionID	DefaultSystemFieldDefinitionDisplayName	dataFieldFieldDefinitionID	FieldDefinitionDataID	TenantID	TenantOverriddenFieldDefinitionDisplayName
25	Primary Contact	252	1661	11	Primary Contact