TABLE_SCHEMA	TABLE_NAME	COLUMN_NAME	SqlQueryToTroubleshoot	AllFeatureCount	WrongSridFeatureCount	HasProcessed