
    <span class="record-count">
        Currently viewing <span id="testGridNameFilteredRowCount"></span> of <span id="testGridNameUnfilteredRowCount"></span> SOYs
        <span id="testGridNameFilteredButton" style="display:none">(<a href="javascript:void(0);" onclick="Sitka.testGridName.clearGridFilters()">clear filters</a>)</span>
    </span>
    <span class="checked-checkboxes" style="display:none;margin-left:20px;">
        Selected rows: <span id="testGridNameCheckedCheckboxCount"></span> 
    </span>
    <span class="actions pull-right">
    
            
            
            
            
            <span><a class="excelbutton" id="testGridNameDownloadLink" href="javascript:void(0)" onclick="Sitka.testGridName.sitkaGridToExcel('\/Home\/ExportGridToExcel\/testGridName')" title="Download this table as an Excel file">Download Table</a></span>
            
    </span>