<a class="excelbutton" id="testGridNameDownloadLink" href="javascript:void(0)" onclick="Sitka.testGridName.sitkaGridToExcel('\/Home\/ExportGridToExcel\/testGridName')" title="Download this table as an Excel file">Download Table</a>